
> bitfactory@0.1.0 build
> prisma generate && npx puppeteer browsers install chrome && next build --turbopack

node.exe : warn The configuration property 
`package.json#prisma` is deprecated and will be removed 
in Prisma 7. Please migrate to a Prisma config file 
(e.g., `prisma.config.ts`).
At line:1 char:1
+ & "C:\Program Files\nodejs/node.exe" "C:\Program 
Files\nodejs/node_mo ...
+ ~~~~~~~~~~~~~~~~~~~~~~~~~~~~~~~~~~~~~~~~~~~~~~~~~~~~~~~~
~~~~~~~~~~~~~
    + CategoryInfo          : NotSpecified: (warn The con 
   fig...ma.config.ts`).:String) [], RemoteException
    + FullyQualifiedErrorId : NativeCommandError
 
For more information, see: https://pris.ly/prisma-config

Environment variables loaded from .env
Prisma schema loaded from prisma\schema.prisma

Γ£ö Generated Prisma Client (v6.19.2) to .\src\generated\prisma in 294ms

Start by importing your Prisma Client (See: https://pris.ly/d/importing-client)

Tip: Want to turn off tips and other hints? https://pris.ly/tip-4-nohints

chrome@145.0.7632.77 C:\Users\sheheryar\.cache\puppeteer\chrome\win64-145.0.7632.77\chrome-win64\chrome.exe
(node:12684) [DEP0190] DeprecationWarning: Passing args 
to a child process with shell option true can lead to 
security vulnerabilities, as the arguments are not 
escaped, only concatenated.
(Use `node --trace-deprecation ...` to show where the 
warning was created)
Γû▓ Next.js 16.1.5 (Turbopack)
- Environments: .env

ΓÜá The "middleware" file convention is deprecated. 
Please use "proxy" instead. Learn more: 
https://nextjs.org/docs/messages/middleware-to-proxy
  Creating an optimized production build ...
Γ£ô Compiled successfully in 21.2s
  Running TypeScript ...
  Collecting page data using 7 workers ...
[Cache] Initializing memory backend with TTL 600s
  Generating static pages using 7 workers (0/102) ...
  Generating static pages using 7 workers (25/102) 
  Generating static pages using 7 workers (50/102) 
Vendor Invoices Data: undefined
  Generating static pages using 7 workers (76/102) 
Vendor Invoices Data: undefined
Γ£ô Generating static pages using 7 workers (102/102) in 2.6s
  Finalizing page optimization ...

Route (app)
Γöî Γùï /
Γö£ Γùï /_not-found
Γö£ Γùï /account-settings
Γö£ Γùï /accounting
Γö£ ╞Æ /accounting/[id]
Γö£ ╞Æ /accounting/[id]/edit
Γö£ ╞Æ /accounting/[id]/record-payment
Γö£ Γùï /accounting/bulk-invoices
Γö£ Γùï /accounting/create
Γö£ Γùï /accounting/email-report
Γö£ ╞Æ /accounting/email-report/[runId]
Γö£ Γùï /accounting/farm-tariffs
Γö£ Γùï /accounting/pdf-invoice-settings
Γö£ Γùï /accounting/pricing
Γö£ Γùï /accounting/recurring
Γö£ Γùï /accounting/statements
Γö£ ╞Æ /accounting/statements/[customerId]
Γö£ Γùï /accounting/vendor-invoices/create
Γö£ ╞Æ /accounting/vendorInvoice/[id]
Γö£ Γùï /admin-profile
Γö£ Γùï /admin/payback-analysis
Γö£ Γùï /admin/payback-analysis-settings
Γö£ Γùï /adminpanel
Γö£ Γùï /AllLuxorSites
Γö£ ╞Æ /api/accounting/customer-group
Γö£ ╞Æ /api/accounting/customers
Γö£ ╞Æ /api/accounting/email-runs
Γö£ ╞Æ /api/accounting/email-runs/[runId]
Γö£ ╞Æ /api/accounting/email-runs/[runId]/resend
Γö£ ╞Æ /api/accounting/generate
Γö£ ╞Æ /api/accounting/invoices
Γö£ ╞Æ /api/accounting/invoices/[id]
Γö£ ╞Æ /api/accounting/invoices/[id]/audit-log
Γö£ ╞Æ /api/accounting/invoices/[id]/download
Γö£ ╞Æ /api/accounting/invoices/[id]/issue
Γö£ ╞Æ /api/accounting/invoices/[id]/record-payment
Γö£ ╞Æ /api/accounting/invoices/[id]/send-email
Γö£ ╞Æ /api/accounting/invoices/bulk-send-email
Γö£ ╞Æ /api/accounting/miners
Γö£ ╞Æ /api/accounting/payments
Γö£ ╞Æ /api/accounting/payments/[id]
Γö£ ╞Æ /api/accounting/pricing-configs
Γö£ ╞Æ /api/accounting/pricing-configs/[id]
Γö£ ╞Æ /api/accounting/recurring-invoices
Γö£ ╞Æ /api/accounting/recurring-invoices/[id]
Γö£ ╞Æ /api/accounting/statements
Γö£ ╞Æ /api/accounting/statements/[customerId]/pdf
Γö£ ╞Æ /api/accounting/statements/[customerId]/print
Γö£ ╞Æ /api/accounting/statements/[customerId]/send-email
Γö£ ╞Æ /api/accounting/statements/customers
Γö£ ╞Æ /api/admin/dashboard
Γö£ ╞Æ /api/admin/payback-config
Γö£ ╞Æ /api/admin/payment-details
Γö£ ╞Æ /api/auth/2fa/disable
Γö£ ╞Æ /api/auth/2fa/setup
Γö£ ╞Æ /api/auth/2fa/validate
Γö£ ╞Æ /api/auth/2fa/verify
Γö£ ╞Æ /api/auth/check
Γö£ ╞Æ /api/auth/logout
Γö£ ╞Æ /api/auth/signout
Γö£ ╞Æ /api/auth/verify
Γö£ ╞Æ /api/braiins
Γö£ ╞Æ /api/cost-payments
Γö£ ╞Æ /api/cost-payments/hostingRevenue
Γö£ ╞Æ /api/cron_deduct_daily_cost
Γö£ ╞Æ /api/customer-balance
Γö£ ╞Æ /api/groups
Γö£ ╞Æ /api/groups/[id]
Γö£ ╞Æ /api/groups/[id]/subaccounts
Γö£ ╞Æ /api/groups/[id]/subaccounts/[subaccountId]
Γö£ ╞Æ /api/groups/[id]/subaccounts/add
Γö£ ╞Æ /api/groups/[id]/subaccounts/bulk-add
Γö£ ╞Æ /api/groups/[id]/subaccounts/bulk-remove
Γö£ ╞Æ /api/groups/available
Γö£ ╞Æ /api/hardware
Γö£ ╞Æ /api/hardware/[id]
Γö£ ╞Æ /api/hardware/procure
Γö£ ╞Æ /api/hashprice-history
Γö£ ╞Æ /api/invoices/[id]/confirmo-payment
Γö£ ╞Æ /api/login
Γö£ ╞Æ /api/luxor
Γö£ ╞Æ /api/machine
Γö£ ╞Æ /api/machine/[id]
Γö£ ╞Æ /api/machine/bulk-delete
Γö£ ╞Æ /api/machine/bulk-edit
Γö£ ╞Æ /api/miners/daily-costs
Γö£ ╞Æ /api/miners/summary
Γö£ ╞Æ /api/miners/user
Γö£ ╞Æ /api/mining/daily-performance
Γö£ ╞Æ /api/payback-config
Γö£ ╞Æ /api/pool-hashprice
Γö£ ╞Æ /api/pool-hashprice-live
Γö£ ╞Æ /api/settings/payment
Γö£ ╞Æ /api/spaces
Γö£ ╞Æ /api/spaces/[id]
Γö£ ╞Æ /api/test/preview-invoice-pdf
Γö£ ╞Æ /api/user/[id]
Γö£ ╞Æ /api/user/[id]/change-password
Γö£ ╞Æ /api/user/all
Γö£ ╞Æ /api/user/balance
Γö£ ╞Æ /api/user/change-password
Γö£ ╞Æ /api/user/check-email
Γö£ ╞Æ /api/user/create
Γö£ ╞Æ /api/user/forgot-password
Γö£ ╞Æ /api/user/invoiced-amount
Γö£ ╞Æ /api/user/profile
Γö£ ╞Æ /api/user/subaccounts/existing
Γö£ ╞Æ /api/user/upload-image
Γö£ ╞Æ /api/vendor-invoices
Γö£ ╞Æ /api/vendor-invoices/[id]
Γö£ ╞Æ /api/wallet/earnings-24h
Γö£ ╞Æ /api/wallet/earnings-summary
Γö£ ╞Æ /api/wallet/revenue-24h
Γö£ ╞Æ /api/wallet/settings
Γö£ ╞Æ /api/wallet/statement
Γö£ ╞Æ /api/wallet/transactions
Γö£ ╞Æ /api/webhooks/confirmo
Γö£ ╞Æ /api/workers/stats
Γö£ Γùï /btc-price-history
Γö£ Γùï /btc-price-predictor
Γö£ Γùï /clientworkers
Γö£ ╞Æ /customers/[id]
Γö£ Γùï /customers/overview
Γö£ Γùï /dashboard
Γö£ Γùï /groups
Γö£ ╞Æ /groups/[id]
Γö£ Γùï /hardware
Γö£ Γùï /hardware-purchase
Γö£ ╞Æ /hardware-purchase/[id]
Γö£ ╞Æ /hardware-purchase/[id]/edit
Γö£ ╞Æ /hardware-purchase/[id]/record-payment
Γö£ Γùï /hardware-purchase/create
Γö£ Γùï /hashprice-history
Γö£ Γùï /invoices
Γö£ ╞Æ /invoices/[id]
Γö£ ╞Æ /invoices/[id]/payment-success
Γö£ Γùï /login
Γö£ Γùï /luxor
Γö£ Γùï /machine
Γö£ Γùï /miners
Γö£ Γùï /payback-analysis
Γö£ Γùï /security-setting
Γö£ Γùï /security-settings
Γö£ Γùï /settings/payment
Γö£ Γùï /space
Γö£ Γùï /subaccounts
Γö£ Γùï /wallet
Γöö Γùï /workers


╞Æ Proxy (Middleware)

Γùï  (Static)   prerendered as static content
╞Æ  (Dynamic)  server-rendered on demand

